
> copy-of-copy-of-safeevac1@0.0.0 build
> vite build

[36mvite v6.4.1 [32mbuilding for production...[36m[39m
node.exe : 
At line:1 char:1
+ & "C:\Program Files\nodejs/node.exe" 
"C:\Program Files\nodejs/node_mo ...
+ ~~~~~~~~~~~~~~~~~~~~~~~~~~~~~~~~~~~~~~~~~
~~~~~~~~~~~~~~~~~~~~~~~~~~~~
    + CategoryInfo          : NotSpecified 
   : (:String) [], RemoteException
    + FullyQualifiedErrorId : NativeComman 
   dError
 
/index.css doesn't exist at build time, it 
will remain unchanged to be resolved at 
runtime
transforming...
[32mΓ£ô[39m 23 modules transformed.
[31mΓ£ù[39m Build failed in 2.11s
[31merror during build:
[31m[vite-plugin-pwa:build] [plugin 
vite-plugin-pwa:build] pages/Login.tsx 
(118:82): There was an error during the 
build:
  Transform failed with 1 error:
C:/Users/DELL/Downloads/safest-main 
(1)/safest-main/pages/Login.tsx:118:82: 
ERROR: The character ">" is not valid 
inside a JSX element
Additionally, handling the error in the 
'buildEnd' hook caused the following error:
  Transform failed with 1 error:
C:/Users/DELL/Downloads/safest-main 
(1)/safest-main/pages/Login.tsx:118:82: 
ERROR: The character ">" is not valid 
inside a JSX element[31m
file: 
[36mC:/Users/DELL/Downloads/safest-main 
(1)/safest-main/pages/Login.tsx:118:82[31m
[33m
[33mThe character ">" is not valid inside 
a JSX element[33m
116|                </div>
117|                <p 
className="text-[10px] text-red-600 
dark:text-red-400 font-bold ml-8">
118|                  TIP: If you see a 
"Whitelisted" error, please check MongoDB 
Atlas > Network Access.
   |                                       
                                           
  ^
119|                </p>
120|              </div>
[31m
    at getRollupError (file:///C:/Users/DEL
L/Downloads/safest-main%20(1)/safest-main/n
ode_modules/rollup/dist/es/shared/parseAst.
js:401:41)
    at file:///C:/Users/DELL/Downloads/safe
st-main%20(1)/safest-main/node_modules/roll
up/dist/es/shared/node-entry.js:23347:39
    at process.processTicksAndRejections 
(node:internal/process/task_queues:103:5)
    at async catchUnfinishedHookActions (fi
le:///C:/Users/DELL/Downloads/safest-main%2
0(1)/safest-main/node_modules/rollup/dist/e
s/shared/node-entry.js:22805:16)
    at async rollupInternal (file:///C:/Use
rs/DELL/Downloads/safest-main%20(1)/safest-
main/node_modules/rollup/dist/es/shared/nod
e-entry.js:23330:5)
    at async buildEnvironment (file:///C:/U
sers/DELL/Downloads/safest-main%20(1)/safes
t-main/node_modules/vite/dist/node/chunks/d
ep-D4NMHUTW.js:46235:14)
    at async Object.defaultBuildApp [as 
buildApp] (file:///C:/Users/DELL/Downloads/
safest-main%20(1)/safest-main/node_modules/
vite/dist/node/chunks/dep-D4NMHUTW.js:46713
:5)
    at async CAC.<anonymous> (file:///C:/Us
ers/DELL/Downloads/safest-main%20(1)/safest
-main/node_modules/vite/dist/node/cli.js:86
3:7)[39m
